[diassl.com/index1c2a.html]
[backblue.gif]
[fade.gif]
[index.html]
[diassl.com/feed/index.html]
[diassl.com/comments/feed/index.html]
[diassl.com/wp-content/themes/astra/assets/fonts/astra.woff]
[diassl.com/wp-includes/js/jquery/jquery4a5f.js]
[diassl.com/wp-content/plugins/sticky-header-effects-for-elementor/assets/js/she-header9e1e.js]
[diassl.com/wp-json/wp/v2/pages/104.json]
[diassl.com/wp-json/index.html]
[diassl.com/xmlrpc0db0.php]
[diassl.com/wp-includes/wlwmanifest.xml]
[diassl.com/wp-json/oembed/1.0/embed906b.json]
[diassl.com/index.html]
[diassl.com/wp-json/oembed/1.0/embedce18]
[diassl.com/wp-content/uploads/2020/11/Sathsara-Dias-Logo.ico]
[diassl.com/wp-content/uploads/2020/07/Sathsara-Dias-Logo-990x1024.png]
[diassl.com/wp-content/uploads/2022/03/Sathsara.jpg]
[diassl.com/wp-content/uploads/2020/11/Resume.pdf]
[diassl.com/wp-content/uploads/2020/12/Predicting-the-onset-of-shock-induced-buffet-using-Dynamic-Mode-Decomposition.png]
[diassl.com/about/index.html]
[diassl.com/wp-content/uploads/2020/12/Dynamic-Mode-Decomposition-Uncovers-Hidden-Oceanographic-Features-Around-the-Strait-of-Gibraltar.png]
[diassl.com/research/index.html]
[diassl.com/publications/index.html]
[diassl.com/wp-content/themes/astra/assets/js/minified/style.min747d.js]
[diassl.com/contact/index.html]
[diassl.com/wp-includes/js/wp-embed.min647e.js]
[diassl.com/predicting-the-onset-of-shock-induced-buffet-using-dynamic-mode-decomposition/index.html]
[diassl.com/wp-content/plugins/header-footer-elementor/inc/js/frontende225.js]
[diassl.com/dynamic-mode-decomposition-uncovers-hidden-oceanographic-features-around-the-strait-of-gibraltar/index.html]
[diassl.com/page/2/index1c2a.html]
[diassl.com/wp-content/plugins/elementor-addon-widgets/vendor/codeinwp/elementor-extra-widgets/js/obfx-grid4bf4.js]
[diassl.com/page/3/index1c2a.html]
[diassl.com/wp-content/plugins/navmenu-addon-for-elementor/assets/js/modernizr.custom3ec8.js]
[diassl.com/page/4/index1c2a.html]
[diassl.com/wp-content/plugins/navmenu-addon-for-elementor/assets/js/frontend.min3ec8.js]
[diassl.com/wp-content/plugins/elementor/assets/js/frontend-modules.minc578.js]
[diassl.com/wp-includes/js/jquery/ui/position.mine899.js]
[diassl.com/wp-content/plugins/elementor/assets/lib/dialog/dialog.mina288.js]
[diassl.com/wp-content/plugins/elementor/assets/lib/waypoints/waypoints.min05da.js]
[diassl.com/wp-content/plugins/elementor/assets/lib/swiper/swiper.min48f5.js]
[diassl.com/wp-content/plugins/elementor/assets/lib/share-link/share-link.minc578.js]
[diassl.com/wp-content/plugins/elementor/assets/js/frontend.minc578.js]
[diassl.com/wp-includes/js/underscore.min4511.js]
[diassl.com/wp-includes/js/wp-util.min647e.js]
[diassl.com/wp-content/plugins/wpforms-lite/assets/js/integrations/elementor/frontend.minbb89.js]
[diassl.com/index1c2a.html]
[diassl.com/wp-content/themes/astra/assets/css/minified/style.min747d.css]
[diassl.com/wp-content/themes/astra/assets/css/minified/menu-animation.min747d.css]
[diassl.com/wp-includes/css/dist/block-library/style.min647e.css]
[diassl.com/wp-content/plugins/wp-next-post-navi/style647e.css]
[diassl.com/wp-content/plugins/header-footer-elementor/assets/css/header-footer-elementore225.css]
[diassl.com/wp-content/plugins/elementor/assets/lib/eicons/fonts/eiconsc2cd.eot]
[diassl.com/wp-content/plugins/elementor/assets/lib/eicons/fonts/eiconsc2cd.woff2]
[diassl.com/wp-content/plugins/elementor/assets/lib/eicons/fonts/eiconsc2cd.woff]
[diassl.com/wp-content/plugins/elementor/assets/lib/eicons/fonts/eiconsc2cd.ttf]
[diassl.com/wp-content/plugins/elementor/assets/lib/eicons/css/elementor-icons.min74e5.css]
[diassl.com/wp-content/plugins/elementor/assets/lib/animations/animations.minc578.css]
[diassl.com/wp-content/plugins/elementor/assets/css/frontend-legacy.minc578.css]
[diassl.com/wp-content/plugins/elementor/assets/css/frontend.minc578.css]
[diassl.com/wp-content/uploads/elementor/css/post-25553e.css]
[diassl.com/wp-content/plugins/sticky-header-effects-for-elementor/assets/css/she-header-style9e1e.css]
[diassl.com/wp-content/uploads/elementor/css/globalbbd1.css]
[diassl.com/wp-content/uploads/elementor/css/post-104b17c.css]
[diassl.com/wp-content/plugins/header-footer-elementor/inc/widgets-css/frontende225.css]
[diassl.com/wp-content/uploads/elementor/css/post-39967b.css]
[diassl.com/wp-content/uploads/elementor/css/post-1310989.css]
[diassl.com/wp-content/plugins/navmenu-addon-for-elementor/assets/css/frontend.min3ec8.css]
[diassl.com/wp-content/plugins/elementor/assets/lib/font-awesome/css/fontawesome.minb683.css]
[diassl.com/wp-content/plugins/elementor/assets/lib/font-awesome/webfonts/fa-solid-900.eot]
[diassl.com/wp-content/plugins/elementor/assets/lib/font-awesome/webfonts/fa-solid-900d41d.eot]
[diassl.com/wp-content/plugins/elementor/assets/lib/font-awesome/webfonts/fa-solid-900.woff2]
[diassl.com/wp-content/plugins/elementor/assets/lib/font-awesome/webfonts/fa-solid-900.woff]
[diassl.com/wp-content/plugins/elementor/assets/lib/font-awesome/webfonts/fa-solid-900.ttf]
[diassl.com/wp-content/plugins/elementor/assets/lib/font-awesome/css/solid.minb683.css]
[diassl.com/wp-content/plugins/elementor/assets/lib/font-awesome/webfonts/fa-regular-400.eot]
[diassl.com/wp-content/plugins/elementor/assets/lib/font-awesome/webfonts/fa-regular-400d41d.eot]
[diassl.com/wp-content/plugins/elementor/assets/lib/font-awesome/webfonts/fa-regular-400.woff2]
[diassl.com/wp-content/plugins/elementor/assets/lib/font-awesome/webfonts/fa-regular-400.woff]
[diassl.com/wp-content/plugins/elementor/assets/lib/font-awesome/webfonts/fa-regular-400.ttf]
[diassl.com/wp-content/plugins/elementor/assets/lib/font-awesome/css/regular.minb683.css]
[diassl.com/wp-content/plugins/elementor/assets/lib/font-awesome/webfonts/fa-brands-400.eot]
[diassl.com/wp-content/plugins/elementor/assets/lib/font-awesome/webfonts/fa-brands-400d41d.eot]
[diassl.com/wp-content/plugins/elementor/assets/lib/font-awesome/webfonts/fa-brands-400.woff2]
[diassl.com/wp-content/plugins/elementor/assets/lib/font-awesome/webfonts/fa-brands-400.woff]
[diassl.com/wp-content/plugins/elementor/assets/lib/font-awesome/webfonts/fa-brands-400.ttf]
[diassl.com/wp-content/plugins/elementor/assets/lib/font-awesome/css/brands.minb683.css]
[diassl.com/index.html]
[diassl.com/page/2/index.html]
[diassl.com/page/3/index.html]
[diassl.com/page/4/index.html]
[diassl.com/wp-json/wp/v2/pages/16.json]
[diassl.com/wp-json/oembed/1.0/embed4685.json]
[diassl.com/wp-json/oembed/1.0/embedb47e]
[diassl.com/about/index.html]
[diassl.com/wp-json/wp/v2/pages/43.json]
[diassl.com/wp-json/oembed/1.0/embedd866.json]
[diassl.com/wp-json/oembed/1.0/embed7ab9]
[diassl.com/research/index.html]
[diassl.com/wp-json/wp/v2/pages/381.json]
[diassl.com/wp-json/oembed/1.0/embedd267.json]
[diassl.com/wp-json/oembed/1.0/embed87c7]
[diassl.com/wp-content/uploads/2020/12/Dynamic-mode-analysis-of-tidal-flows-through-the-strait-of-gibraltar.png]
[diassl.com/category/research-publications/index.html]
[diassl.com/wp-content/uploads/2020/12/Analyzing-the-transition-to-buffeting-of-a-2d-airfoil-using-the-dynamic-mode-decomposition.png]
[diassl.com/analyzing-the-transition-to-buffeting-of-a-2d-airfoil-using-the-dynamic-mode-decomposition/index.html]
[diassl.com/dynamical-mode-analysis-of-tidal-flows-through-the-strait-of-gibraltar/index.html]
[diassl.com/wp-content/uploads/2020/12/Dynamic-Mode-Decomposition-of-a-Fluid-Flow.png]
[diassl.com/dynamic-mode-decomposition-of-a-fluid-flow-2/index.html]
[diassl.com/wp-content/uploads/2020/12/High-pressure-experimental-techniques-on-hydrogen.jpg]
[diassl.com/publications/index.html]
[diassl.com/high-pressure-experimental-techniques-on-hydrogen/index.html]
[diassl.com/publications/page/2/index.html]
[diassl.com/wp-json/wp/v2/pages/19.json]
[diassl.com/wp-json/oembed/1.0/embed782b.json]
[diassl.com/wp-json/oembed/1.0/embed74a5]
[diassl.com/wp-content/plugins/wpforms-lite/assets/js/jquery.validate.minb3a6.js]
[diassl.com/wp-content/plugins/wpforms-lite/assets/js/mailcheck.mincfa9.js]
[diassl.com/wp-content/plugins/wpforms-lite/assets/js/wpformsbb89.js]
[diassl.com/contact/index.html]
[diassl.com/wp-json/wp/v2/posts/535.json]
[diassl.com/predicting-the-onset-of-shock-induced-buffet-using-dynamic-mode-decomposition/feed/index.html]
[diassl.com/wp-json/oembed/1.0/embedcf06.json]
[diassl.com/wp-json/oembed/1.0/embed4d09]
[diassl.com/wp-includes/js/comment-reply.min647e.js]
[diassl.com/predicting-the-onset-of-shock-induced-buffet-using-dynamic-mode-decomposition/index.html]
[diassl.com/dynamic-mode-decomposition-uncovers-hidden-oceanographic-features-around-the-strait-of-gibraltar/feed/index.html]
[diassl.com/wp-json/wp/v2/posts/530.json]
[diassl.com/wp-json/oembed/1.0/embede594.json]
[diassl.com/wp-json/oembed/1.0/embede2a9]
[diassl.com/dynamic-mode-decomposition-uncovers-hidden-oceanographic-features-around-the-strait-of-gibraltar/index.html]
[diassl.com/page/2/index1c2a.html]
[diassl.com/2/index.html]
[diassl.com/page/3/index1c2a.html]
[diassl.com/wp-content/uploads/2020/12/Rainfal.jpg]
[diassl.com/3/index.html]
[diassl.com/4/index.html]
[diassl.com/rainfall-forecasting-using-artificial-neural-networks/index.html]
[diassl.com/wp-content/uploads/2020/12/Lightning-in-Sri-Lanka.jpg]
[diassl.com/page/4/index1c2a.html]
[diassl.com/wp-content/plugins/elementor-addon-widgets/vendor/codeinwp/elementor-extra-widgets/css/public4bf4.css]
[diassl.com/wp-content/plugins/elementor/assets/lib/eicons/fonts/eiconsc2cd.svg]
[diassl.com/lightning-casualties-hazards-in-sri-lanka/index.html]
[diassl.com/wp-content/plugins/elementor/assets/lib/font-awesome/webfonts/fa-solid-900.svg]
[diassl.com/wp-content/plugins/elementor/assets/lib/font-awesome/webfonts/fa-regular-400.svg]
[diassl.com/wp-content/plugins/elementor/assets/lib/font-awesome/webfonts/fa-brands-400.svg]
[diassl.com/page/2/index.html]
[diassl.com/page/3/index.html]
[diassl.com/page/4/index.html]
[diassl.com/wp-content/uploads/elementor/css/post-169b73.css]
[diassl.com/index0e62.html]
[diassl.com/wp-content/uploads/elementor/css/post-4392ad.css]
[diassl.com/index4170.html]
[diassl.com/wp-content/uploads/elementor/css/post-381dc9c.css]
[diassl.com/index1f38.html]
[diassl.com/wp-json/wp/v2/categories/4.json]
[diassl.com/category/research-publications/feed/index.html]
[diassl.com/wp-content/uploads/2020/12/Predicting-the-onset-of-shock-induced-buffet-using-Dynamic-Mode-Decomposition-1024x766.png]
[diassl.com/wp-content/uploads/2020/12/Dynamic-Mode-Decomposition-Uncovers-Hidden-Oceanographic-Features-Around-the-Strait-of-Gibraltar-1024x580.png]
[diassl.com/author/sathsara-dias/index.html]
[diassl.com/wp-content/uploads/2020/12/Dynamic-mode-analysis-of-tidal-flows-through-the-strait-of-gibraltar-1024x724.png]
[diassl.com/wp-content/uploads/2020/12/Analyzing-the-transition-to-buffeting-of-a-2d-airfoil-using-the-dynamic-mode-decomposition-1024x724.png]
[diassl.com/wp-content/uploads/2020/12/Dynamic-Mode-Decomposition-of-a-Fluid-Flow-1024x768.png]
[diassl.com/wp-content/uploads/2020/12/Rainfal-1024x640.jpg]
[diassl.com/wp-content/uploads/2020/12/Lightning-in-Sri-Lanka-1024x576.jpg]
[diassl.com/category/research-publications/index.html]
[diassl.com/dynamical-mode-analysis-of-tidal-flows-through-the-strait-of-gibraltar/feed/index.html]
[diassl.com/wp-json/wp/v2/posts/523.json]
[diassl.com/wp-json/oembed/1.0/embed06e5.json]
[diassl.com/wp-json/oembed/1.0/embedcece]
[diassl.com/dynamical-mode-analysis-of-tidal-flows-through-the-strait-of-gibraltar/index.html]
[diassl.com/analyzing-the-transition-to-buffeting-of-a-2d-airfoil-using-the-dynamic-mode-decomposition/feed/index.html]
[diassl.com/wp-json/wp/v2/posts/515.json]
[diassl.com/wp-json/oembed/1.0/embedff24.json]
[diassl.com/wp-json/oembed/1.0/embedf686]
[diassl.com/analyzing-the-transition-to-buffeting-of-a-2d-airfoil-using-the-dynamic-mode-decomposition/index.html]
[diassl.com/dynamic-mode-decomposition-of-a-fluid-flow-2/feed/index.html]
[diassl.com/wp-json/wp/v2/posts/509.json]
[diassl.com/wp-json/oembed/1.0/embedea8e.json]
[diassl.com/wp-json/oembed/1.0/embed9233]
[diassl.com/dynamic-mode-decomposition-of-a-fluid-flow-2/index.html]
[diassl.com/high-pressure-experimental-techniques-on-hydrogen/feed/index.html]
[diassl.com/wp-json/wp/v2/posts/504.json]
[diassl.com/wp-json/oembed/1.0/embed5494.json]
[diassl.com/wp-json/oembed/1.0/embed30d8]
[diassl.com/high-pressure-experimental-techniques-on-hydrogen/index.html]
[diassl.com/publications/page/2/index.html]
[diassl.com/wp-content/uploads/elementor/css/post-19a53e.css]
[diassl.com/wp-content/plugins/wpforms-lite/assets/css/wpforms-full.minbb89.css]
[diassl.com/index5831.html]
[diassl.com/wp-content/uploads/elementor/css/post-5352bde.css]
[diassl.com/index5ff4.html]
[diassl.com/xmlrpc.php]
[diassl.com/wp-content/uploads/elementor/css/post-5307015.css]
[diassl.com/indexde52.html]
[diassl.com/2/index.html]
[diassl.com/page/1/index1c2a.html]
[diassl.com/3/index.html]
[diassl.com/4/index.html]
[diassl.com/wp-json/wp/v2/posts/490.json]
[diassl.com/wp-json/oembed/1.0/embed59e0.json]
[diassl.com/wp-json/oembed/1.0/embede8f2]
[diassl.com/rainfall-forecasting-using-artificial-neural-networks/index.html]
[diassl.com/lightning-casualties-hazards-in-sri-lanka/feed/index.html]
[diassl.com/wp-json/wp/v2/posts/431.json]
[diassl.com/wp-json/oembed/1.0/embedea91.json]
[diassl.com/wp-json/oembed/1.0/embede9c6]
[diassl.com/lightning-casualties-hazards-in-sri-lanka/index.html]
[diassl.com/page/1/index.html]
[diassl.com/wp-json/wp/v2/users/2.json]
[diassl.com/author/sathsara-dias/index.html]
[diassl.com/wp-content/uploads/elementor/css/post-5232409.css]
[diassl.com/index16bc.html]
[diassl.com/wp-content/uploads/elementor/css/post-5154d43.css]
[diassl.com/indexd073.html]
[diassl.com/wp-content/uploads/elementor/css/post-509570d.css]
[diassl.com/index321c.html]
[diassl.com/wp-content/uploads/elementor/css/post-504116b.css]
[diassl.com/indexbc6e.html]
[diassl.com/publications/page/1/index.html]
[diassl.com/wp-content/plugins/wpforms-lite/assets/images/times-solid-white.svg]
[diassl.com/wp-content/uploads/elementor/css/post-4904637.css]
[diassl.com/indexb015.html]
[diassl.com/wp-content/uploads/elementor/css/post-431c384.css]
[diassl.com/index88c3.html]
[diassl.com/author/sathsara-dias/feed/index.html]
